2026-02-25 22:40:59.456 [background-preinit] INFO  o.h.validator.internal.util.Version - HV000001: Hibernate Validator 9.0.1.Final
2026-02-25 22:41:00.046 [main] INFO  lofar.system.LofarSystemApplication - Starting LofarSystemApplication using Java 21.0.8 with PID 15480 (C:\Users\karso\Pictures\LOFAR\LOFAR_climate_system\build\classes\java\main started by karso in C:\Users\karso\Pictures\LOFAR\LOFAR_climate_system)
2026-02-25 22:41:00.077 [main] DEBUG lofar.system.LofarSystemApplication - Running with Spring Boot v4.0.0, Spring v7.0.1
2026-02-25 22:41:00.143 [main] INFO  lofar.system.LofarSystemApplication - No active profile set, falling back to 1 default profile: "default"
2026-02-25 22:41:04.801 [main] INFO  o.s.d.r.c.RepositoryConfigurationDelegate - Bootstrapping Spring Data JPA repositories in DEFAULT mode.
2026-02-25 22:41:05.160 [main] INFO  o.s.d.r.c.RepositoryConfigurationDelegate - Finished Spring Data repository scanning in 313 ms. Found 3 JPA repository interfaces.
2026-02-25 22:41:07.780 [main] INFO  o.s.boot.tomcat.TomcatWebServer - Tomcat initialized with port 8080 (http)
2026-02-25 22:41:07.856 [main] INFO  o.a.coyote.http11.Http11NioProtocol - Initializing ProtocolHandler ["http-nio-8080"]
2026-02-25 22:41:07.878 [main] INFO  o.a.catalina.core.StandardService - Starting service [Tomcat]
2026-02-25 22:41:07.887 [main] INFO  o.a.catalina.core.StandardEngine - Starting Servlet engine: [Apache Tomcat/11.0.14]
2026-02-25 22:41:08.447 [main] INFO  o.s.b.w.c.s.WebApplicationContextInitializer - Root WebApplicationContext: initialization completed in 7986 ms
2026-02-25 22:41:10.150 [main] INFO  o.h.jpa.internal.util.LogHelper - HHH000204: Processing PersistenceUnitInfo [name: default]
2026-02-25 22:41:10.448 [main] INFO  org.hibernate.Version - HHH000412: Hibernate ORM core version 7.1.8.Final
2026-02-25 22:41:13.027 [main] INFO  o.s.o.j.p.SpringPersistenceUnitInfo - No LoadTimeWeaver setup: ignoring JPA class transformer
2026-02-25 22:41:13.176 [main] INFO  com.zaxxer.hikari.HikariDataSource - HikariPool-1 - Starting...
2026-02-25 22:41:15.256 [main] INFO  com.zaxxer.hikari.pool.HikariPool - HikariPool-1 - Added connection com.mysql.cj.jdbc.ConnectionImpl@2d3eb1ea
2026-02-25 22:41:15.297 [main] INFO  com.zaxxer.hikari.HikariDataSource - HikariPool-1 - Start completed.
2026-02-25 22:41:15.895 [main] INFO  o.hibernate.orm.connections.pooling - HHH10001005: Database info:
	Database JDBC URL [jdbc:mysql://localhost:3306/lofar_system]
	Database driver: MySQL Connector/J
	Database dialect: MySQLDialect
	Database version: 9.1
	Default catalog/schema: lofar_system/undefined
	Autocommit mode: undefined/unknown
	Isolation level: REPEATABLE_READ [default REPEATABLE_READ]
	JDBC fetch size: none
	Pool: DatasourceConnectionProviderImpl
	Minimum pool size: undefined/unknown
	Maximum pool size: undefined/unknown
2026-02-25 22:41:19.602 [main] INFO  o.h.e.t.j.p.i.JtaPlatformInitiator - HHH000489: No JTA platform available (set 'hibernate.transaction.jta.platform' to enable JTA platform integration)
2026-02-25 22:41:19.681 [main] DEBUG org.hibernate.SQL - 
    alter table my_user_table 
       drop 
       foreign key FK58h9msgyys6ktyo7p6583trpg
2026-02-25 22:41:21.498 [main] WARN  o.h.t.s.i.ExceptionHandlerLoggedImpl - GenerationTarget encountered exception accepting command : Error executing DDL "
    alter table my_user_table 
       drop 
       foreign key FK58h9msgyys6ktyo7p6583trpg" via JDBC [Table 'lofar_system.my_user_table' doesn't exist]
org.hibernate.tool.schema.spi.CommandAcceptanceException: Error executing DDL "
    alter table my_user_table 
       drop 
       foreign key FK58h9msgyys6ktyo7p6583trpg" via JDBC [Table 'lofar_system.my_user_table' doesn't exist]
	at org.hibernate.tool.schema.internal.exec.GenerationTargetToDatabase.accept(GenerationTargetToDatabase.java:93)
	at org.hibernate.tool.schema.internal.Helper.applySqlString(Helper.java:222)
	at org.hibernate.tool.schema.internal.Helper.applySqlStrings(Helper.java:208)
	at org.hibernate.tool.schema.internal.SchemaDropperImpl.applyConstraintDropping(SchemaDropperImpl.java:479)
	at org.hibernate.tool.schema.internal.SchemaDropperImpl.dropConstraintsTablesSequences(SchemaDropperImpl.java:244)
	at org.hibernate.tool.schema.internal.SchemaDropperImpl.dropFromMetadata(SchemaDropperImpl.java:217)
	at org.hibernate.tool.schema.internal.SchemaDropperImpl.performDrop(SchemaDropperImpl.java:185)
	at org.hibernate.tool.schema.internal.SchemaDropperImpl.doDrop(SchemaDropperImpl.java:155)
	at org.hibernate.tool.schema.internal.SchemaDropperImpl.doDrop(SchemaDropperImpl.java:115)
	at org.hibernate.tool.schema.spi.SchemaManagementToolCoordinator.performDatabaseAction(SchemaManagementToolCoordinator.java:225)
	at org.hibernate.tool.schema.spi.SchemaManagementToolCoordinator.lambda$process$5(SchemaManagementToolCoordinator.java:142)
	at java.base/java.util.HashMap.forEach(HashMap.java:1429)
	at org.hibernate.tool.schema.spi.SchemaManagementToolCoordinator.process(SchemaManagementToolCoordinator.java:139)
	at org.hibernate.boot.internal.SessionFactoryObserverForSchemaExport.sessionFactoryCreated(SessionFactoryObserverForSchemaExport.java:35)
	at org.hibernate.internal.SessionFactoryObserverChain.sessionFactoryCreated(SessionFactoryObserverChain.java:33)
	at org.hibernate.internal.SessionFactoryImpl.<init>(SessionFactoryImpl.java:350)
	at org.hibernate.boot.internal.SessionFactoryBuilderImpl.build(SessionFactoryBuilderImpl.java:436)
	at org.hibernate.jpa.boot.internal.EntityManagerFactoryBuilderImpl.build(EntityManagerFactoryBuilderImpl.java:1459)
	at org.springframework.orm.jpa.vendor.SpringHibernateJpaPersistenceProvider.createContainerEntityManagerFactory(SpringHibernateJpaPersistenceProvider.java:66)
	at org.springframework.orm.jpa.LocalContainerEntityManagerFactoryBean.createNativeEntityManagerFactory(LocalContainerEntityManagerFactoryBean.java:433)
	at org.springframework.orm.jpa.AbstractEntityManagerFactoryBean.buildNativeEntityManagerFactory(AbstractEntityManagerFactoryBean.java:416)
	at org.springframework.orm.jpa.AbstractEntityManagerFactoryBean.afterPropertiesSet(AbstractEntityManagerFactoryBean.java:396)
	at org.springframework.orm.jpa.LocalContainerEntityManagerFactoryBean.afterPropertiesSet(LocalContainerEntityManagerFactoryBean.java:409)
	at org.springframework.beans.factory.support.AbstractAutowireCapableBeanFactory.invokeInitMethods(AbstractAutowireCapableBeanFactory.java:1864)
	at org.springframework.beans.factory.support.AbstractAutowireCapableBeanFactory.initializeBean(AbstractAutowireCapableBeanFactory.java:1813)
	at org.springframework.beans.factory.support.AbstractAutowireCapableBeanFactory.doCreateBean(AbstractAutowireCapableBeanFactory.java:603)
	at org.springframework.beans.factory.support.AbstractAutowireCapableBeanFactory.createBean(AbstractAutowireCapableBeanFactory.java:525)
	at org.springframework.beans.factory.support.AbstractBeanFactory.lambda$doGetBean$0(AbstractBeanFactory.java:333)
	at org.springframework.beans.factory.support.DefaultSingletonBeanRegistry.getSingleton(DefaultSingletonBeanRegistry.java:371)
	at org.springframework.beans.factory.support.AbstractBeanFactory.doGetBean(AbstractBeanFactory.java:331)
	at org.springframework.beans.factory.support.AbstractBeanFactory.getBean(AbstractBeanFactory.java:201)
	at org.springframework.context.support.AbstractApplicationContext.finishBeanFactoryInitialization(AbstractApplicationContext.java:966)
	at org.springframework.context.support.AbstractApplicationContext.refresh(AbstractApplicationContext.java:620)
	at org.springframework.boot.web.server.servlet.context.ServletWebServerApplicationContext.refresh(ServletWebServerApplicationContext.java:143)
	at org.springframework.boot.SpringApplication.refresh(SpringApplication.java:765)
	at org.springframework.boot.SpringApplication.refreshContext(SpringApplication.java:454)
	at org.springframework.boot.SpringApplication.run(SpringApplication.java:321)
	at org.springframework.boot.SpringApplication.run(SpringApplication.java:1374)
	at org.springframework.boot.SpringApplication.run(SpringApplication.java:1363)
	at lofar.system.LofarSystemApplication.main(LofarSystemApplication.java:25)
Caused by: java.sql.SQLSyntaxErrorException: Table 'lofar_system.my_user_table' doesn't exist
	at com.mysql.cj.jdbc.exceptions.SQLError.createSQLException(SQLError.java:112)
	at com.mysql.cj.jdbc.exceptions.SQLExceptionsMapping.translateException(SQLExceptionsMapping.java:114)
	at com.mysql.cj.jdbc.StatementImpl.executeInternal(StatementImpl.java:837)
	at com.mysql.cj.jdbc.StatementImpl.execute(StatementImpl.java:685)
	at com.zaxxer.hikari.pool.ProxyStatement.execute(ProxyStatement.java:95)
	at com.zaxxer.hikari.pool.HikariProxyStatement.execute(HikariProxyStatement.java)
	at org.hibernate.tool.schema.internal.exec.GenerationTargetToDatabase.accept(GenerationTargetToDatabase.java:79)
	... 39 common frames omitted
2026-02-25 22:41:21.514 [main] DEBUG org.hibernate.SQL - 
    drop table if exists climate_sensor_data
2026-02-25 22:41:21.554 [main] DEBUG org.hibernate.SQL - 
    drop table if exists my_authority_table_seq
2026-02-25 22:41:21.611 [main] DEBUG org.hibernate.SQL - 
    drop table if exists my_user_table_seq
2026-02-25 22:41:21.656 [main] DEBUG org.hibernate.SQL - 
    drop table if exists my_authority_table
2026-02-25 22:41:21.690 [main] DEBUG org.hibernate.SQL - 
    drop table if exists my_user_table
2026-02-25 22:41:21.749 [main] DEBUG org.hibernate.SQL - 
    create table climate_sensor_data (
        humidity float(53) not null,
        temperature float(53) not null,
        sensor_date_time datetime(6),
        sensor_id bigint not null auto_increment,
        primary key (sensor_id)
    ) engine=InnoDB
2026-02-25 22:41:21.920 [main] DEBUG org.hibernate.SQL - 
    create table my_authority_table_seq (
        next_val bigint
    ) engine=InnoDB
2026-02-25 22:41:21.962 [main] DEBUG org.hibernate.SQL - 
    insert into my_authority_table_seq ( next_val ) values ( 1 )
2026-02-25 22:41:22.016 [main] DEBUG org.hibernate.SQL - 
    create table my_user_table_seq (
        next_val bigint
    ) engine=InnoDB
2026-02-25 22:41:22.059 [main] DEBUG org.hibernate.SQL - 
    insert into my_user_table_seq ( next_val ) values ( 1 )
2026-02-25 22:41:22.071 [main] DEBUG org.hibernate.SQL - 
    create table my_authority_table (
        aid bigint not null,
        title varchar(255) not null,
        primary key (aid)
    ) engine=InnoDB
2026-02-25 22:41:22.106 [main] DEBUG org.hibernate.SQL - 
    create table my_user_table (
        aid bigint,
        uid bigint not null,
        username varchar(20) not null,
        password varchar(255) not null,
        primary key (uid)
    ) engine=InnoDB
2026-02-25 22:41:22.143 [main] DEBUG org.hibernate.SQL - 
    alter table my_user_table 
       add constraint FK58h9msgyys6ktyo7p6583trpg 
       foreign key (aid) 
       references my_authority_table (aid)
2026-02-25 22:41:22.288 [main] INFO  o.s.o.j.LocalContainerEntityManagerFactoryBean - Initialized JPA EntityManagerFactory for persistence unit 'default'
2026-02-25 22:41:22.596 [main] INFO  o.s.d.j.r.q.QueryEnhancerFactories - Hibernate is in classpath; If applicable, HQL parser will be used.
2026-02-25 22:41:23.518 [ThreadPoolTaskScheduler-1] INFO  l.s.service.DynamicSchedulerService - Scheduled sensor update triggered (interval: 600000ms)
2026-02-25 22:41:23.822 [main] WARN  o.s.b.j.a.JpaBaseConfiguration$JpaWebConfiguration - spring.jpa.open-in-view is enabled by default. Therefore, database queries may be performed during view rendering. Explicitly configure spring.jpa.open-in-view to disable this warning
2026-02-25 22:41:24.008 [main] INFO  o.s.s.c.a.a.c.InitializeAuthenticationProviderBeanManagerConfigurer$InitializeAuthenticationProviderManagerConfigurer - Global AuthenticationManager configured with AuthenticationProvider bean with name authenticationProvider
2026-02-25 22:41:24.015 [main] WARN  o.s.s.c.a.a.c.InitializeUserDetailsBeanManagerConfigurer$InitializeUserDetailsManagerConfigurer - Global AuthenticationManager configured with an AuthenticationProvider bean. UserDetailsService beans will not be used by Spring Security for automatically configuring username/password login. Consider removing the AuthenticationProvider bean. Alternatively, consider using the UserDetailsService in a manually instantiated DaoAuthenticationProvider. If the current configuration is intentional, to turn off this warning, increase the logging level of 'org.springframework.security.config.annotation.authentication.configuration.InitializeUserDetailsBeanManagerConfigurer' to ERROR
2026-02-25 22:41:24.377 [ThreadPoolTaskScheduler-1] INFO  o.s.b.f.s.DefaultListableBeanFactory - Obtaining singleton bean 'transactionManager' in thread "ThreadPoolTaskScheduler-1" while other thread holds singleton lock for other beans [org.springframework.security.config.annotation.web.configuration.WebSecurityConfiguration, filterChain]
2026-02-25 22:41:24.393 [ThreadPoolTaskScheduler-1] INFO  o.s.b.f.s.DefaultListableBeanFactory - Obtaining singleton bean 'platformTransactionManagerCustomizers' in thread "ThreadPoolTaskScheduler-1" while other thread holds singleton lock for other beans [org.springframework.security.config.annotation.web.configuration.WebSecurityConfiguration, filterChain]
2026-02-25 22:41:24.395 [ThreadPoolTaskScheduler-1] INFO  o.s.b.f.s.DefaultListableBeanFactory - Obtaining singleton bean 'org.springframework.boot.transaction.autoconfigure.TransactionManagerCustomizationAutoConfiguration' in thread "ThreadPoolTaskScheduler-1" while other thread holds singleton lock for other beans [org.springframework.security.config.annotation.web.configuration.WebSecurityConfiguration, filterChain]
2026-02-25 22:41:24.415 [ThreadPoolTaskScheduler-1] INFO  o.s.b.f.s.DefaultListableBeanFactory - Obtaining singleton bean 'transactionExecutionListeners' in thread "ThreadPoolTaskScheduler-1" while other thread holds singleton lock for other beans [org.springframework.security.config.annotation.web.configuration.WebSecurityConfiguration, filterChain]
2026-02-25 22:41:24.474 [ThreadPoolTaskScheduler-1] INFO  o.s.b.f.s.DefaultListableBeanFactory - Obtaining singleton bean 'spring.transaction-org.springframework.boot.transaction.autoconfigure.TransactionProperties' in thread "ThreadPoolTaskScheduler-1" while other thread holds singleton lock for other beans [org.springframework.security.config.annotation.web.configuration.WebSecurityConfiguration, filterChain]
2026-02-25 22:41:24.647 [ThreadPoolTaskScheduler-1] DEBUG org.hibernate.SQL - 
    insert 
    into
        climate_sensor_data
        (humidity, sensor_date_time, temperature) 
    values
        (?, ?, ?)
2026-02-25 22:41:24.871 [ThreadPoolTaskScheduler-1] INFO  l.s.s.WebSocketNotificationService - Sending sensor data update to WebSocket clients: ClimateSensorData(sensorId=1, temperature=37.43, humidity=53.12, sensorDateTime=2026-02-25T22:41:24)
2026-02-25 22:41:24.889 [main] DEBUG o.s.s.web.DefaultSecurityFilterChain - Will secure any request with filters: DisableEncodeUrlFilter, WebAsyncManagerIntegrationFilter, SecurityContextHolderFilter, HeaderWriterFilter, CsrfFilter, LogoutFilter, UsernamePasswordAuthenticationFilter, ConcurrentSessionFilter, RequestCacheAwareFilter, SecurityContextHolderAwareRequestFilter, AnonymousAuthenticationFilter, SessionManagementFilter, ExceptionTranslationFilter, AuthorizationFilter
2026-02-25 22:41:25.116 [main] DEBUG o.s.w.s.s.s.WebSocketHandlerMapping - Patterns [/ws-sensor/**] in 'stompWebSocketHandlerMapping'
2026-02-25 22:41:25.320 [main] DEBUG o.s.w.s.m.WebSocketAnnotationMethodMessageHandler - 
	l.s.c.AdminController:
	
2026-02-25 22:41:25.322 [main] DEBUG o.s.w.s.m.WebSocketAnnotationMethodMessageHandler - 
	l.s.c.ClimateSensorDataController:
	
2026-02-25 22:41:25.325 [main] DEBUG o.s.w.s.m.WebSocketAnnotationMethodMessageHandler - 
	l.s.c.SensorUpdateController:
	
2026-02-25 22:41:25.342 [main] DEBUG o.s.w.s.m.WebSocketAnnotationMethodMessageHandler - 
	l.s.c.WebSocketSensorController:
	{[MESSAGE],[/sensor/history]}: requestHistoricalData()
	{[MESSAGE],[/sensor/request]}: requestLatestData()
2026-02-25 22:41:25.346 [main] DEBUG o.s.w.s.m.WebSocketAnnotationMethodMessageHandler - 
	l.s.c.WebSocketStatusController:
	
2026-02-25 22:41:25.377 [main] DEBUG o.s.w.s.m.WebSocketAnnotationMethodMessageHandler - 
	o.s.b.w.a.e.BasicErrorController:
	
2026-02-25 22:41:25.764 [main] DEBUG o.s.w.s.m.m.a.RequestMappingHandlerMapping - 16 mappings in 'requestMappingHandlerMapping'
2026-02-25 22:41:25.885 [main] DEBUG o.s.w.s.h.SimpleUrlHandlerMapping - Patterns [/webjars/**, /**] in 'resourceHandlerMapping'
2026-02-25 22:41:26.009 [main] DEBUG o.s.w.s.m.m.a.RequestMappingHandlerAdapter - ControllerAdvice beans: 0 @ModelAttribute, 0 @InitBinder, 1 RequestBodyAdvice, 1 ResponseBodyAdvice
2026-02-25 22:41:26.186 [main] DEBUG o.s.w.s.m.m.a.ExceptionHandlerExceptionResolver - ControllerAdvice beans: 0 @ExceptionHandler, 1 ResponseBodyAdvice
2026-02-25 22:41:26.525 [main] DEBUG o.s.m.s.ExecutorSubscribableChannel - clientOutboundChannel added SubProtocolWebSocketHandler[StompSubProtocolHandler[v10.stomp, v11.stomp, v12.stomp]]
2026-02-25 22:41:26.547 [main] DEBUG o.s.m.s.ExecutorSubscribableChannel - clientInboundChannel added WebSocketAnnotationMethodMessageHandler[prefixes=[/app/]]
2026-02-25 22:41:26.558 [main] INFO  o.s.m.s.b.SimpleBrokerMessageHandler - Starting...
2026-02-25 22:41:26.561 [main] DEBUG o.s.m.s.ExecutorSubscribableChannel - clientInboundChannel added SimpleBrokerMessageHandler [org.springframework.messaging.simp.broker.DefaultSubscriptionRegistry@69173bb7]
2026-02-25 22:41:26.570 [main] DEBUG o.s.m.s.ExecutorSubscribableChannel - brokerChannel added SimpleBrokerMessageHandler [org.springframework.messaging.simp.broker.DefaultSubscriptionRegistry@69173bb7]
2026-02-25 22:41:26.584 [main] INFO  o.s.m.s.b.SimpleBrokerMessageHandler - BrokerAvailabilityEvent[available=true, SimpleBrokerMessageHandler [org.springframework.messaging.simp.broker.DefaultSubscriptionRegistry@69173bb7]]
2026-02-25 22:41:26.594 [main] INFO  o.s.m.s.b.SimpleBrokerMessageHandler - Started.
2026-02-25 22:41:26.605 [main] DEBUG o.s.m.s.ExecutorSubscribableChannel - clientInboundChannel added UserDestinationMessageHandler[DefaultUserDestinationResolver[prefix=/user/]]
2026-02-25 22:41:26.609 [main] DEBUG o.s.m.s.ExecutorSubscribableChannel - brokerChannel added UserDestinationMessageHandler[DefaultUserDestinationResolver[prefix=/user/]]
2026-02-25 22:41:26.619 [main] INFO  o.a.coyote.http11.Http11NioProtocol - Starting ProtocolHandler ["http-nio-8080"]
2026-02-25 22:41:26.725 [main] INFO  o.s.boot.tomcat.TomcatWebServer - Tomcat started on port 8080 (http) with context path '/'
2026-02-25 22:41:26.759 [MessageBroker-1] INFO  l.s.s.ScheduledSensorUpdateService - Scheduled sensor update triggered
2026-02-25 22:41:26.764 [main] INFO  lofar.system.LofarSystemApplication - Started LofarSystemApplication in 29.896 seconds (process running for 35.352)
2026-02-25 22:41:26.785 [main] DEBUG org.hibernate.SQL - 
    insert 
    into
        climate_sensor_data
        (humidity, sensor_date_time, temperature) 
    values
        (?, ?, ?)
2026-02-25 22:41:26.793 [main] DEBUG org.hibernate.SQL - 
    insert 
    into
        climate_sensor_data
        (humidity, sensor_date_time, temperature) 
    values
        (?, ?, ?)
2026-02-25 22:41:26.804 [main] DEBUG org.hibernate.SQL - 
    insert 
    into
        climate_sensor_data
        (humidity, sensor_date_time, temperature) 
    values
        (?, ?, ?)
2026-02-25 22:41:26.811 [main] DEBUG org.hibernate.SQL - 
    insert 
    into
        climate_sensor_data
        (humidity, sensor_date_time, temperature) 
    values
        (?, ?, ?)
2026-02-25 22:41:26.847 [main] DEBUG org.hibernate.SQL - 
    select
        next_val as id_val 
    from
        my_authority_table_seq 
    for
        update
2026-02-25 22:41:26.860 [main] DEBUG org.hibernate.SQL - 
    update
        my_authority_table_seq 
    set
        next_val= ? 
    where
        next_val=?
2026-02-25 22:41:26.928 [main] DEBUG org.hibernate.SQL - 
    insert 
    into
        my_authority_table
        (title, aid) 
    values
        (?, ?)
2026-02-25 22:41:26.959 [main] DEBUG org.hibernate.SQL - 
    select
        next_val as id_val 
    from
        my_authority_table_seq 
    for
        update
2026-02-25 22:41:26.977 [main] DEBUG org.hibernate.SQL - 
    update
        my_authority_table_seq 
    set
        next_val= ? 
    where
        next_val=?
2026-02-25 22:41:26.999 [main] DEBUG org.hibernate.SQL - 
    insert 
    into
        my_authority_table
        (title, aid) 
    values
        (?, ?)
2026-02-25 22:41:27.131 [MessageBroker-1] DEBUG org.hibernate.SQL - 
    insert 
    into
        climate_sensor_data
        (humidity, sensor_date_time, temperature) 
    values
        (?, ?, ?)
2026-02-25 22:41:27.142 [MessageBroker-1] INFO  l.s.s.WebSocketNotificationService - Sending sensor data update to WebSocket clients: ClimateSensorData(sensorId=6, temperature=14.53, humidity=13.31, sensorDateTime=2026-02-25T22:41:27)
2026-02-25 22:41:27.151 [MessageBroker-1] DEBUG o.s.m.s.b.SimpleBrokerMessageHandler - Processing MESSAGE destination=/topic/sensor-data session=null payload={"temperature":14.53,"humidity":13.31,"sensorDateTime":"2026-02-25T22:41:27","se...(truncated)
2026-02-25 22:41:27.161 [MessageBroker-1] INFO  l.s.s.ScheduledSensorUpdateService - Scheduled sensor update successful: ClimateSensorData(sensorId=6, temperature=14.53, humidity=13.31, sensorDateTime=2026-02-25T22:41:27)
2026-02-25 22:41:27.275 [main] DEBUG org.hibernate.SQL - 
    select
        next_val as id_val 
    from
        my_user_table_seq 
    for
        update
2026-02-25 22:41:27.281 [main] DEBUG org.hibernate.SQL - 
    update
        my_user_table_seq 
    set
        next_val= ? 
    where
        next_val=?
2026-02-25 22:41:27.302 [main] DEBUG org.hibernate.SQL - 
    insert 
    into
        my_user_table
        (aid, password, username, uid) 
    values
        (?, ?, ?, ?)
2026-02-25 22:41:27.538 [main] DEBUG org.hibernate.SQL - 
    select
        next_val as id_val 
    from
        my_user_table_seq 
    for
        update
2026-02-25 22:41:27.548 [main] DEBUG org.hibernate.SQL - 
    update
        my_user_table_seq 
    set
        next_val= ? 
    where
        next_val=?
2026-02-25 22:41:27.562 [main] DEBUG org.hibernate.SQL - 
    insert 
    into
        my_user_table
        (aid, password, username, uid) 
    values
        (?, ?, ?, ?)
2026-02-25 22:42:26.509 [MessageBroker-2] INFO  o.s.w.s.c.WebSocketMessageBrokerStats - WebSocketSession[0 current WS(0)-HttpStream(0)-HttpPoll(0), 0 total, 0 closed abnormally (0 connect failure, 0 send limit, 0 transport error)], stompSubProtocol[processed CONNECT(0)-CONNECTED(0)-DISCONNECT(0)], stompBrokerRelay[null], inboundChannel[pool size = 0, active threads = 0, queued tasks = 0, completed tasks = 0], outboundChannel[pool size = 0, active threads = 0, queued tasks = 0, completed tasks = 0], sockJsScheduler[pool size = 3, active threads = 1, queued tasks = 1, completed tasks = 1]
2026-02-25 22:43:45.770 [http-nio-8080-exec-2] INFO  o.a.c.c.C.[Tomcat].[localhost].[/] - Initializing Spring DispatcherServlet 'dispatcherServlet'
2026-02-25 22:43:45.770 [http-nio-8080-exec-2] INFO  o.s.web.servlet.DispatcherServlet - Initializing Servlet 'dispatcherServlet'
2026-02-25 22:43:45.770 [http-nio-8080-exec-2] DEBUG o.s.web.servlet.DispatcherServlet - Detected StandardServletMultipartResolver
2026-02-25 22:43:45.771 [http-nio-8080-exec-2] DEBUG o.s.web.servlet.DispatcherServlet - Detected AcceptHeaderLocaleResolver
2026-02-25 22:43:45.772 [http-nio-8080-exec-2] DEBUG o.s.web.servlet.DispatcherServlet - Detected org.springframework.web.servlet.view.DefaultRequestToViewNameTranslator@2c4142f8
2026-02-25 22:43:45.773 [http-nio-8080-exec-2] DEBUG o.s.web.servlet.DispatcherServlet - Detected org.springframework.web.servlet.support.SessionFlashMapManager@408573b1
2026-02-25 22:43:45.773 [http-nio-8080-exec-2] DEBUG o.s.web.servlet.DispatcherServlet - enableLoggingRequestDetails='false': request parameters and headers will be masked to prevent unsafe logging of potentially sensitive data
2026-02-25 22:43:45.773 [http-nio-8080-exec-2] INFO  o.s.web.servlet.DispatcherServlet - Completed initialization in 3 ms
2026-02-25 22:43:45.790 [http-nio-8080-exec-2] DEBUG o.s.security.web.FilterChainProxy - Securing POST /login
2026-02-25 22:43:46.482 [http-nio-8080-exec-2] DEBUG org.hibernate.SQL - 
    select
        mu1_0.uid,
        mu1_0.aid,
        mu1_0.password,
        mu1_0.username 
    from
        my_user_table mu1_0 
    where
        mu1_0.username=?
2026-02-25 22:43:46.512 [http-nio-8080-exec-2] DEBUG org.hibernate.SQL - 
    select
        ma1_0.aid,
        ma1_0.title,
        u1_0.aid,
        u1_0.uid,
        u1_0.password,
        u1_0.username 
    from
        my_authority_table ma1_0 
    left join
        my_user_table u1_0 
            on ma1_0.aid=u1_0.aid 
    where
        ma1_0.aid=?
2026-02-25 22:43:46.600 [http-nio-8080-exec-2] DEBUG o.s.s.a.d.DaoAuthenticationProvider - Authenticated user
2026-02-25 22:43:46.614 [http-nio-8080-exec-2] DEBUG o.s.s.c.session.SessionRegistryImpl - Registering session 79618078A90D5440E07B2DB0B4F81330, for principal org.springframework.security.core.userdetails.User [Username=kristers, Password=[PROTECTED], Enabled=true, AccountNonExpired=true, CredentialsNonExpired=true, AccountNonLocked=true, Granted Authorities=[USER]]
2026-02-25 22:43:46.617 [http-nio-8080-exec-2] DEBUG o.s.s.w.c.HttpSessionSecurityContextRepository - Stored SecurityContextImpl [Authentication=UsernamePasswordAuthenticationToken [Principal=org.springframework.security.core.userdetails.User [Username=kristers, Password=[PROTECTED], Enabled=true, AccountNonExpired=true, CredentialsNonExpired=true, AccountNonLocked=true, Granted Authorities=[USER]], Credentials=[PROTECTED], Authenticated=true, Details=WebAuthenticationDetails [RemoteIpAddress=0:0:0:0:0:0:0:1, SessionId=null], Granted Authorities=[USER, FactorGrantedAuthority [authority=FACTOR_PASSWORD, issuedAt=2026-02-25T20:43:46.600614100Z]]]] to HttpSession [org.apache.catalina.session.StandardSessionFacade@2e27bde]
2026-02-25 22:43:46.617 [http-nio-8080-exec-2] DEBUG o.s.s.w.a.UsernamePasswordAuthenticationFilter - Set SecurityContextHolder to UsernamePasswordAuthenticationToken [Principal=org.springframework.security.core.userdetails.User [Username=kristers, Password=[PROTECTED], Enabled=true, AccountNonExpired=true, CredentialsNonExpired=true, AccountNonLocked=true, Granted Authorities=[USER]], Credentials=[PROTECTED], Authenticated=true, Details=WebAuthenticationDetails [RemoteIpAddress=0:0:0:0:0:0:0:1, SessionId=null], Granted Authorities=[USER, FactorGrantedAuthority [authority=FACTOR_PASSWORD, issuedAt=2026-02-25T20:43:46.600614100Z]]]
2026-02-25 22:43:46.618 [http-nio-8080-exec-2] DEBUG o.s.s.web.DefaultRedirectStrategy - Redirecting to /sensors
2026-02-25 22:44:05.438 [http-nio-8080-exec-1] DEBUG o.s.security.web.FilterChainProxy - Securing POST /login
2026-02-25 22:44:05.441 [http-nio-8080-exec-1] DEBUG org.hibernate.SQL - 
    select
        mu1_0.uid,
        mu1_0.aid,
        mu1_0.password,
        mu1_0.username 
    from
        my_user_table mu1_0 
    where
        mu1_0.username=?
2026-02-25 22:44:05.445 [http-nio-8080-exec-1] DEBUG org.hibernate.SQL - 
    select
        ma1_0.aid,
        ma1_0.title,
        u1_0.aid,
        u1_0.uid,
        u1_0.password,
        u1_0.username 
    from
        my_authority_table ma1_0 
    left join
        my_user_table u1_0 
            on ma1_0.aid=u1_0.aid 
    where
        ma1_0.aid=?
2026-02-25 22:44:05.512 [http-nio-8080-exec-1] DEBUG o.s.s.a.d.DaoAuthenticationProvider - Authenticated user
2026-02-25 22:44:05.512 [http-nio-8080-exec-1] DEBUG o.s.s.w.c.HttpSessionSecurityContextRepository - Retrieved SecurityContextImpl [Authentication=UsernamePasswordAuthenticationToken [Principal=org.springframework.security.core.userdetails.User [Username=kristers, Password=[PROTECTED], Enabled=true, AccountNonExpired=true, CredentialsNonExpired=true, AccountNonLocked=true, Granted Authorities=[USER]], Credentials=[PROTECTED], Authenticated=true, Details=WebAuthenticationDetails [RemoteIpAddress=0:0:0:0:0:0:0:1, SessionId=null], Granted Authorities=[USER, FactorGrantedAuthority [authority=FACTOR_PASSWORD, issuedAt=2026-02-25T20:43:46.600614100Z]]]]
2026-02-25 22:44:05.512 [http-nio-8080-exec-1] DEBUG o.s.s.w.a.s.ChangeSessionIdAuthenticationStrategy - Changed session id from 79618078A90D5440E07B2DB0B4F81330
2026-02-25 22:44:05.513 [http-nio-8080-exec-1] DEBUG o.s.s.c.session.SessionRegistryImpl - Registering session FA29AE483D96E26B1DE4D0B2263AF50A, for principal org.springframework.security.core.userdetails.User [Username=admins, Password=[PROTECTED], Enabled=true, AccountNonExpired=true, CredentialsNonExpired=true, AccountNonLocked=true, Granted Authorities=[ADMIN]]
2026-02-25 22:44:05.513 [http-nio-8080-exec-1] DEBUG o.s.s.w.c.HttpSessionSecurityContextRepository - Stored SecurityContextImpl [Authentication=UsernamePasswordAuthenticationToken [Principal=org.springframework.security.core.userdetails.User [Username=admins, Password=[PROTECTED], Enabled=true, AccountNonExpired=true, CredentialsNonExpired=true, AccountNonLocked=true, Granted Authorities=[ADMIN]], Credentials=[PROTECTED], Authenticated=true, Details=WebAuthenticationDetails [RemoteIpAddress=0:0:0:0:0:0:0:1, SessionId=79618078A90D5440E07B2DB0B4F81330], Granted Authorities=[ADMIN, FactorGrantedAuthority [authority=FACTOR_PASSWORD, issuedAt=2026-02-25T20:44:05.512121900Z]]]] to HttpSession [org.apache.catalina.session.StandardSessionFacade@2e27bde]
2026-02-25 22:44:05.514 [http-nio-8080-exec-1] DEBUG o.s.s.w.a.UsernamePasswordAuthenticationFilter - Set SecurityContextHolder to UsernamePasswordAuthenticationToken [Principal=org.springframework.security.core.userdetails.User [Username=admins, Password=[PROTECTED], Enabled=true, AccountNonExpired=true, CredentialsNonExpired=true, AccountNonLocked=true, Granted Authorities=[ADMIN]], Credentials=[PROTECTED], Authenticated=true, Details=WebAuthenticationDetails [RemoteIpAddress=0:0:0:0:0:0:0:1, SessionId=79618078A90D5440E07B2DB0B4F81330], Granted Authorities=[ADMIN, FactorGrantedAuthority [authority=FACTOR_PASSWORD, issuedAt=2026-02-25T20:44:05.512121900Z]]]
2026-02-25 22:44:05.515 [http-nio-8080-exec-1] DEBUG o.s.s.web.DefaultRedirectStrategy - Redirecting to /sensors
2026-02-25 22:44:06.482 [http-nio-8080-exec-5] DEBUG o.s.security.web.FilterChainProxy - Securing POST /login
2026-02-25 22:44:06.484 [http-nio-8080-exec-5] DEBUG org.hibernate.SQL - 
    select
        mu1_0.uid,
        mu1_0.aid,
        mu1_0.password,
        mu1_0.username 
    from
        my_user_table mu1_0 
    where
        mu1_0.username=?
2026-02-25 22:44:06.487 [http-nio-8080-exec-5] DEBUG org.hibernate.SQL - 
    select
        ma1_0.aid,
        ma1_0.title,
        u1_0.aid,
        u1_0.uid,
        u1_0.password,
        u1_0.username 
    from
        my_authority_table ma1_0 
    left join
        my_user_table u1_0 
            on ma1_0.aid=u1_0.aid 
    where
        ma1_0.aid=?
2026-02-25 22:44:06.554 [http-nio-8080-exec-5] DEBUG o.s.s.a.d.DaoAuthenticationProvider - Authenticated user
2026-02-25 22:44:06.555 [http-nio-8080-exec-5] DEBUG o.s.s.w.c.HttpSessionSecurityContextRepository - Retrieved SecurityContextImpl [Authentication=UsernamePasswordAuthenticationToken [Principal=org.springframework.security.core.userdetails.User [Username=admins, Password=[PROTECTED], Enabled=true, AccountNonExpired=true, CredentialsNonExpired=true, AccountNonLocked=true, Granted Authorities=[ADMIN]], Credentials=[PROTECTED], Authenticated=true, Details=WebAuthenticationDetails [RemoteIpAddress=0:0:0:0:0:0:0:1, SessionId=79618078A90D5440E07B2DB0B4F81330], Granted Authorities=[ADMIN, FactorGrantedAuthority [authority=FACTOR_PASSWORD, issuedAt=2026-02-25T20:44:05.512121900Z]]]]
2026-02-25 22:44:06.556 [http-nio-8080-exec-5] DEBUG o.s.s.w.a.s.ChangeSessionIdAuthenticationStrategy - Changed session id from FA29AE483D96E26B1DE4D0B2263AF50A
2026-02-25 22:44:06.556 [http-nio-8080-exec-5] DEBUG o.s.s.c.session.SessionRegistryImpl - Registering session 72DFA0B451FFB264E08198856918887B, for principal org.springframework.security.core.userdetails.User [Username=admins, Password=[PROTECTED], Enabled=true, AccountNonExpired=true, CredentialsNonExpired=true, AccountNonLocked=true, Granted Authorities=[ADMIN]]
2026-02-25 22:44:06.557 [http-nio-8080-exec-5] DEBUG o.s.s.w.c.HttpSessionSecurityContextRepository - Stored SecurityContextImpl [Authentication=UsernamePasswordAuthenticationToken [Principal=org.springframework.security.core.userdetails.User [Username=admins, Password=[PROTECTED], Enabled=true, AccountNonExpired=true, CredentialsNonExpired=true, AccountNonLocked=true, Granted Authorities=[ADMIN]], Credentials=[PROTECTED], Authenticated=true, Details=WebAuthenticationDetails [RemoteIpAddress=0:0:0:0:0:0:0:1, SessionId=FA29AE483D96E26B1DE4D0B2263AF50A], Granted Authorities=[ADMIN, FactorGrantedAuthority [authority=FACTOR_PASSWORD, issuedAt=2026-02-25T20:44:06.554869800Z]]]] to HttpSession [org.apache.catalina.session.StandardSessionFacade@2e27bde]
2026-02-25 22:44:06.557 [http-nio-8080-exec-5] DEBUG o.s.s.w.a.UsernamePasswordAuthenticationFilter - Set SecurityContextHolder to UsernamePasswordAuthenticationToken [Principal=org.springframework.security.core.userdetails.User [Username=admins, Password=[PROTECTED], Enabled=true, AccountNonExpired=true, CredentialsNonExpired=true, AccountNonLocked=true, Granted Authorities=[ADMIN]], Credentials=[PROTECTED], Authenticated=true, Details=WebAuthenticationDetails [RemoteIpAddress=0:0:0:0:0:0:0:1, SessionId=FA29AE483D96E26B1DE4D0B2263AF50A], Granted Authorities=[ADMIN, FactorGrantedAuthority [authority=FACTOR_PASSWORD, issuedAt=2026-02-25T20:44:06.554869800Z]]]
2026-02-25 22:44:06.557 [http-nio-8080-exec-5] DEBUG o.s.s.web.DefaultRedirectStrategy - Redirecting to /sensors
2026-02-25 22:46:38.549 [http-nio-8080-exec-9] DEBUG o.s.security.web.FilterChainProxy - Securing GET /ws-sensor/info
2026-02-25 22:46:38.552 [http-nio-8080-exec-9] DEBUG o.s.s.w.a.AnonymousAuthenticationFilter - Set SecurityContextHolder to anonymous SecurityContext
2026-02-25 22:46:38.553 [http-nio-8080-exec-10] DEBUG o.s.security.web.FilterChainProxy - Securing GET /api/sensors
2026-02-25 22:46:38.553 [http-nio-8080-exec-10] DEBUG o.s.s.w.a.AnonymousAuthenticationFilter - Set SecurityContextHolder to anonymous SecurityContext
2026-02-25 22:46:38.564 [http-nio-8080-exec-9] DEBUG o.s.s.w.s.HttpSessionRequestCache - Saved request http://localhost:8080/ws-sensor/info?continue to session
2026-02-25 22:46:38.571 [http-nio-8080-exec-9] DEBUG o.s.security.web.FilterChainProxy - Securing GET /error
2026-02-25 22:46:38.571 [http-nio-8080-exec-10] DEBUG o.s.security.web.FilterChainProxy - Securing GET /error
2026-02-25 22:46:38.571 [http-nio-8080-exec-9] DEBUG o.s.s.w.a.AnonymousAuthenticationFilter - Set SecurityContextHolder to anonymous SecurityContext
2026-02-25 22:46:38.571 [http-nio-8080-exec-10] DEBUG o.s.s.w.a.AnonymousAuthenticationFilter - Set SecurityContextHolder to anonymous SecurityContext
2026-02-25 22:46:38.571 [http-nio-8080-exec-9] DEBUG o.s.s.w.s.HttpSessionRequestCache - Saved request http://localhost:8080/error?continue to session
2026-02-25 22:46:39.421 [http-nio-8080-exec-3] DEBUG o.s.security.web.FilterChainProxy - Securing GET /api/sensors
2026-02-25 22:46:39.423 [http-nio-8080-exec-3] DEBUG o.s.s.w.a.AnonymousAuthenticationFilter - Set SecurityContextHolder to anonymous SecurityContext
2026-02-25 22:46:39.426 [http-nio-8080-exec-3] DEBUG o.s.security.web.FilterChainProxy - Securing GET /error
2026-02-25 22:46:39.427 [http-nio-8080-exec-3] DEBUG o.s.s.w.a.AnonymousAuthenticationFilter - Set SecurityContextHolder to anonymous SecurityContext
2026-02-25 22:46:39.525 [http-nio-8080-exec-4] DEBUG o.s.security.web.FilterChainProxy - Securing GET /ws-sensor/info?t=1772052399478
2026-02-25 22:46:39.573 [http-nio-8080-exec-4] DEBUG o.s.s.w.a.AnonymousAuthenticationFilter - Set SecurityContextHolder to anonymous SecurityContext
2026-02-25 22:46:39.578 [http-nio-8080-exec-4] DEBUG o.s.s.w.s.HttpSessionRequestCache - Saved request http://localhost:8080/ws-sensor/info?t=1772052399478&continue to session
2026-02-25 22:46:39.580 [http-nio-8080-exec-4] DEBUG o.s.security.web.FilterChainProxy - Securing GET /error?t=1772052399478
2026-02-25 22:46:39.580 [http-nio-8080-exec-4] DEBUG o.s.s.w.a.AnonymousAuthenticationFilter - Set SecurityContextHolder to anonymous SecurityContext
2026-02-25 22:46:39.583 [http-nio-8080-exec-4] DEBUG o.s.s.w.s.HttpSessionRequestCache - Saved request http://localhost:8080/error?t=1772052399478&continue to session
2026-02-25 22:47:11.067 [http-nio-8080-exec-1] DEBUG o.s.security.web.FilterChainProxy - Securing POST /login
2026-02-25 22:47:11.074 [http-nio-8080-exec-1] DEBUG org.hibernate.SQL - 
    select
        mu1_0.uid,
        mu1_0.aid,
        mu1_0.password,
        mu1_0.username 
    from
        my_user_table mu1_0 
    where
        mu1_0.username=?
2026-02-25 22:47:11.095 [http-nio-8080-exec-1] DEBUG org.hibernate.SQL - 
    select
        ma1_0.aid,
        ma1_0.title,
        u1_0.aid,
        u1_0.uid,
        u1_0.password,
        u1_0.username 
    from
        my_authority_table ma1_0 
    left join
        my_user_table u1_0 
            on ma1_0.aid=u1_0.aid 
    where
        ma1_0.aid=?
2026-02-25 22:47:11.321 [http-nio-8080-exec-1] DEBUG o.s.s.a.d.DaoAuthenticationProvider - Authenticated user
2026-02-25 22:47:11.327 [http-nio-8080-exec-1] DEBUG o.s.s.w.a.s.ChangeSessionIdAuthenticationStrategy - Changed session id from F64A0A8753FDB44D1FF349134F9B14D1
2026-02-25 22:47:11.327 [http-nio-8080-exec-1] DEBUG o.s.s.c.session.SessionRegistryImpl - Registering session 40FD5E9D9672E323A24CC4C8AE066BA4, for principal org.springframework.security.core.userdetails.User [Username=admins, Password=[PROTECTED], Enabled=true, AccountNonExpired=true, CredentialsNonExpired=true, AccountNonLocked=true, Granted Authorities=[ADMIN]]
2026-02-25 22:47:11.332 [http-nio-8080-exec-1] DEBUG o.s.s.w.c.HttpSessionSecurityContextRepository - Stored SecurityContextImpl [Authentication=UsernamePasswordAuthenticationToken [Principal=org.springframework.security.core.userdetails.User [Username=admins, Password=[PROTECTED], Enabled=true, AccountNonExpired=true, CredentialsNonExpired=true, AccountNonLocked=true, Granted Authorities=[ADMIN]], Credentials=[PROTECTED], Authenticated=true, Details=WebAuthenticationDetails [RemoteIpAddress=0:0:0:0:0:0:0:1, SessionId=F64A0A8753FDB44D1FF349134F9B14D1], Granted Authorities=[ADMIN, FactorGrantedAuthority [authority=FACTOR_PASSWORD, issuedAt=2026-02-25T20:47:11.321280600Z]]]] to HttpSession [org.apache.catalina.session.StandardSessionFacade@7362a56e]
2026-02-25 22:47:11.333 [http-nio-8080-exec-1] DEBUG o.s.s.w.a.UsernamePasswordAuthenticationFilter - Set SecurityContextHolder to UsernamePasswordAuthenticationToken [Principal=org.springframework.security.core.userdetails.User [Username=admins, Password=[PROTECTED], Enabled=true, AccountNonExpired=true, CredentialsNonExpired=true, AccountNonLocked=true, Granted Authorities=[ADMIN]], Credentials=[PROTECTED], Authenticated=true, Details=WebAuthenticationDetails [RemoteIpAddress=0:0:0:0:0:0:0:1, SessionId=F64A0A8753FDB44D1FF349134F9B14D1], Granted Authorities=[ADMIN, FactorGrantedAuthority [authority=FACTOR_PASSWORD, issuedAt=2026-02-25T20:47:11.321280600Z]]]
2026-02-25 22:47:11.335 [http-nio-8080-exec-1] DEBUG o.s.s.web.DefaultRedirectStrategy - Redirecting to /sensors
2026-02-25 22:49:39.088 [http-nio-8080-exec-10] DEBUG o.s.security.web.FilterChainProxy - Securing POST /login
2026-02-25 22:49:39.090 [http-nio-8080-exec-10] DEBUG org.hibernate.SQL - 
    select
        mu1_0.uid,
        mu1_0.aid,
        mu1_0.password,
        mu1_0.username 
    from
        my_user_table mu1_0 
    where
        mu1_0.username=?
2026-02-25 22:49:39.092 [http-nio-8080-exec-10] DEBUG org.hibernate.SQL - 
    select
        ma1_0.aid,
        ma1_0.title,
        u1_0.aid,
        u1_0.uid,
        u1_0.password,
        u1_0.username 
    from
        my_authority_table ma1_0 
    left join
        my_user_table u1_0 
            on ma1_0.aid=u1_0.aid 
    where
        ma1_0.aid=?
2026-02-25 22:49:39.154 [http-nio-8080-exec-10] DEBUG o.s.s.a.d.DaoAuthenticationProvider - Authenticated user
2026-02-25 22:49:39.155 [http-nio-8080-exec-10] DEBUG o.s.s.w.c.HttpSessionSecurityContextRepository - Retrieved SecurityContextImpl [Authentication=UsernamePasswordAuthenticationToken [Principal=org.springframework.security.core.userdetails.User [Username=admins, Password=[PROTECTED], Enabled=true, AccountNonExpired=true, CredentialsNonExpired=true, AccountNonLocked=true, Granted Authorities=[ADMIN]], Credentials=[PROTECTED], Authenticated=true, Details=WebAuthenticationDetails [RemoteIpAddress=0:0:0:0:0:0:0:1, SessionId=FA29AE483D96E26B1DE4D0B2263AF50A], Granted Authorities=[ADMIN, FactorGrantedAuthority [authority=FACTOR_PASSWORD, issuedAt=2026-02-25T20:44:06.554869800Z]]]]
2026-02-25 22:49:39.156 [http-nio-8080-exec-10] DEBUG o.s.s.w.a.s.ChangeSessionIdAuthenticationStrategy - Changed session id from 72DFA0B451FFB264E08198856918887B
2026-02-25 22:49:39.156 [http-nio-8080-exec-10] DEBUG o.s.s.c.session.SessionRegistryImpl - Registering session AAE097992FB4879A633F6E35A0FFAC93, for principal org.springframework.security.core.userdetails.User [Username=admins, Password=[PROTECTED], Enabled=true, AccountNonExpired=true, CredentialsNonExpired=true, AccountNonLocked=true, Granted Authorities=[ADMIN]]
2026-02-25 22:49:39.156 [http-nio-8080-exec-10] DEBUG o.s.s.w.c.HttpSessionSecurityContextRepository - Stored SecurityContextImpl [Authentication=UsernamePasswordAuthenticationToken [Principal=org.springframework.security.core.userdetails.User [Username=admins, Password=[PROTECTED], Enabled=true, AccountNonExpired=true, CredentialsNonExpired=true, AccountNonLocked=true, Granted Authorities=[ADMIN]], Credentials=[PROTECTED], Authenticated=true, Details=WebAuthenticationDetails [RemoteIpAddress=0:0:0:0:0:0:0:1, SessionId=72DFA0B451FFB264E08198856918887B], Granted Authorities=[ADMIN, FactorGrantedAuthority [authority=FACTOR_PASSWORD, issuedAt=2026-02-25T20:49:39.154160100Z]]]] to HttpSession [org.apache.catalina.session.StandardSessionFacade@2e27bde]
2026-02-25 22:49:39.156 [http-nio-8080-exec-10] DEBUG o.s.s.w.a.UsernamePasswordAuthenticationFilter - Set SecurityContextHolder to UsernamePasswordAuthenticationToken [Principal=org.springframework.security.core.userdetails.User [Username=admins, Password=[PROTECTED], Enabled=true, AccountNonExpired=true, CredentialsNonExpired=true, AccountNonLocked=true, Granted Authorities=[ADMIN]], Credentials=[PROTECTED], Authenticated=true, Details=WebAuthenticationDetails [RemoteIpAddress=0:0:0:0:0:0:0:1, SessionId=72DFA0B451FFB264E08198856918887B], Granted Authorities=[ADMIN, FactorGrantedAuthority [authority=FACTOR_PASSWORD, issuedAt=2026-02-25T20:49:39.154160100Z]]]
2026-02-25 22:49:39.156 [http-nio-8080-exec-10] DEBUG o.s.s.web.DefaultRedirectStrategy - Redirecting to /sensors
2026-02-25 22:49:57.810 [http-nio-8080-exec-9] DEBUG o.s.security.web.FilterChainProxy - Securing GET /logout
2026-02-25 22:49:57.812 [http-nio-8080-exec-9] DEBUG o.s.s.w.c.HttpSessionSecurityContextRepository - Retrieved SecurityContextImpl [Authentication=UsernamePasswordAuthenticationToken [Principal=org.springframework.security.core.userdetails.User [Username=admins, Password=[PROTECTED], Enabled=true, AccountNonExpired=true, CredentialsNonExpired=true, AccountNonLocked=true, Granted Authorities=[ADMIN]], Credentials=[PROTECTED], Authenticated=true, Details=WebAuthenticationDetails [RemoteIpAddress=0:0:0:0:0:0:0:1, SessionId=72DFA0B451FFB264E08198856918887B], Granted Authorities=[ADMIN, FactorGrantedAuthority [authority=FACTOR_PASSWORD, issuedAt=2026-02-25T20:49:39.154160100Z]]]]
2026-02-25 22:49:57.813 [http-nio-8080-exec-9] DEBUG o.s.security.web.FilterChainProxy - Secured GET /logout
2026-02-25 22:49:57.820 [http-nio-8080-exec-9] DEBUG o.s.web.servlet.DispatcherServlet - GET "/logout", parameters={}
2026-02-25 22:49:57.830 [http-nio-8080-exec-9] DEBUG o.s.w.s.h.SimpleUrlHandlerMapping - Mapped to ResourceHttpRequestHandler [classpath [META-INF/resources/], classpath [resources/], classpath [static/], classpath [public/], ServletContext [/]]
2026-02-25 22:49:57.853 [http-nio-8080-exec-9] DEBUG o.s.w.s.r.ResourceHttpRequestHandler - Resource not found
2026-02-25 22:49:57.863 [http-nio-8080-exec-9] DEBUG o.s.w.s.m.s.DefaultHandlerExceptionResolver - Resolved [org.springframework.web.servlet.resource.NoResourceFoundException: No static resource logout for request '/logout'.]
2026-02-25 22:49:57.865 [http-nio-8080-exec-9] DEBUG o.s.web.servlet.DispatcherServlet - Completed 404 NOT_FOUND
2026-02-25 22:49:57.867 [http-nio-8080-exec-9] DEBUG o.s.security.web.FilterChainProxy - Securing GET /error
2026-02-25 22:49:57.867 [http-nio-8080-exec-9] DEBUG o.s.s.w.c.HttpSessionSecurityContextRepository - Retrieved SecurityContextImpl [Authentication=UsernamePasswordAuthenticationToken [Principal=org.springframework.security.core.userdetails.User [Username=admins, Password=[PROTECTED], Enabled=true, AccountNonExpired=true, CredentialsNonExpired=true, AccountNonLocked=true, Granted Authorities=[ADMIN]], Credentials=[PROTECTED], Authenticated=true, Details=WebAuthenticationDetails [RemoteIpAddress=0:0:0:0:0:0:0:1, SessionId=72DFA0B451FFB264E08198856918887B], Granted Authorities=[ADMIN, FactorGrantedAuthority [authority=FACTOR_PASSWORD, issuedAt=2026-02-25T20:49:39.154160100Z]]]]
2026-02-25 22:49:57.867 [http-nio-8080-exec-9] DEBUG o.s.security.web.FilterChainProxy - Secured GET /error
2026-02-25 22:49:57.868 [http-nio-8080-exec-9] DEBUG o.s.web.servlet.DispatcherServlet - "ERROR" dispatch for GET "/error", parameters={}
2026-02-25 22:49:57.869 [http-nio-8080-exec-9] DEBUG o.s.w.s.m.m.a.RequestMappingHandlerMapping - Mapped to org.springframework.boot.webmvc.autoconfigure.error.BasicErrorController#errorHtml(HttpServletRequest, HttpServletResponse)
2026-02-25 22:49:57.906 [http-nio-8080-exec-9] DEBUG o.s.w.s.v.ContentNegotiatingViewResolver - Selected 'text/html' given [text/html, text/html;q=0.8]
2026-02-25 22:49:57.922 [http-nio-8080-exec-9] DEBUG o.s.web.servlet.DispatcherServlet - Exiting from "ERROR" dispatch, status 404
2026-02-25 22:49:58.024 [http-nio-8080-exec-3] DEBUG o.s.security.web.FilterChainProxy - Securing GET /favicon.ico
2026-02-25 22:49:58.025 [http-nio-8080-exec-3] DEBUG o.s.s.w.c.HttpSessionSecurityContextRepository - Retrieved SecurityContextImpl [Authentication=UsernamePasswordAuthenticationToken [Principal=org.springframework.security.core.userdetails.User [Username=admins, Password=[PROTECTED], Enabled=true, AccountNonExpired=true, CredentialsNonExpired=true, AccountNonLocked=true, Granted Authorities=[ADMIN]], Credentials=[PROTECTED], Authenticated=true, Details=WebAuthenticationDetails [RemoteIpAddress=0:0:0:0:0:0:0:1, SessionId=72DFA0B451FFB264E08198856918887B], Granted Authorities=[ADMIN, FactorGrantedAuthority [authority=FACTOR_PASSWORD, issuedAt=2026-02-25T20:49:39.154160100Z]]]]
2026-02-25 22:49:58.025 [http-nio-8080-exec-3] DEBUG o.s.security.web.FilterChainProxy - Secured GET /favicon.ico
2026-02-25 22:49:58.025 [http-nio-8080-exec-3] DEBUG o.s.web.servlet.DispatcherServlet - GET "/favicon.ico", parameters={}
2026-02-25 22:49:58.027 [http-nio-8080-exec-3] DEBUG o.s.w.s.h.SimpleUrlHandlerMapping - Mapped to ResourceHttpRequestHandler [classpath [META-INF/resources/], classpath [resources/], classpath [static/], classpath [public/], ServletContext [/]]
2026-02-25 22:49:58.028 [http-nio-8080-exec-3] DEBUG o.s.w.s.r.ResourceHttpRequestHandler - Resource not found
2026-02-25 22:49:58.029 [http-nio-8080-exec-3] DEBUG o.s.w.s.m.s.DefaultHandlerExceptionResolver - Resolved [org.springframework.web.servlet.resource.NoResourceFoundException: No static resource favicon.ico for request '/favicon.ico'.]
2026-02-25 22:49:58.029 [http-nio-8080-exec-3] DEBUG o.s.web.servlet.DispatcherServlet - Completed 404 NOT_FOUND
2026-02-25 22:49:58.029 [http-nio-8080-exec-3] DEBUG o.s.security.web.FilterChainProxy - Securing GET /error
2026-02-25 22:49:58.030 [http-nio-8080-exec-3] DEBUG o.s.s.w.c.HttpSessionSecurityContextRepository - Retrieved SecurityContextImpl [Authentication=UsernamePasswordAuthenticationToken [Principal=org.springframework.security.core.userdetails.User [Username=admins, Password=[PROTECTED], Enabled=true, AccountNonExpired=true, CredentialsNonExpired=true, AccountNonLocked=true, Granted Authorities=[ADMIN]], Credentials=[PROTECTED], Authenticated=true, Details=WebAuthenticationDetails [RemoteIpAddress=0:0:0:0:0:0:0:1, SessionId=72DFA0B451FFB264E08198856918887B], Granted Authorities=[ADMIN, FactorGrantedAuthority [authority=FACTOR_PASSWORD, issuedAt=2026-02-25T20:49:39.154160100Z]]]]
2026-02-25 22:49:58.030 [http-nio-8080-exec-3] DEBUG o.s.security.web.FilterChainProxy - Secured GET /error
2026-02-25 22:49:58.030 [http-nio-8080-exec-3] DEBUG o.s.web.servlet.DispatcherServlet - "ERROR" dispatch for GET "/error", parameters={}
2026-02-25 22:49:58.032 [http-nio-8080-exec-3] DEBUG o.s.w.s.m.m.a.RequestMappingHandlerMapping - Mapped to org.springframework.boot.webmvc.autoconfigure.error.BasicErrorController#error(HttpServletRequest)
2026-02-25 22:49:58.042 [http-nio-8080-exec-3] DEBUG o.s.w.s.m.m.a.HttpEntityMethodProcessor - Using 'application/json;q=0.8', given [image/avif, image/webp, image/apng, image/svg+xml, image/*, */*;q=0.8] and supported [application/json, application/*+json]
2026-02-25 22:49:58.045 [http-nio-8080-exec-3] DEBUG o.s.w.s.m.m.a.HttpEntityMethodProcessor - Writing [{timestamp=Wed Feb 25 22:49:58 EET 2026, status=404, error=Not Found, path=/favicon.ico}]
2026-02-25 22:49:58.071 [http-nio-8080-exec-3] DEBUG o.s.web.servlet.DispatcherServlet - Exiting from "ERROR" dispatch, status 404
2026-02-25 22:50:05.026 [http-nio-8080-exec-4] DEBUG o.s.security.web.FilterChainProxy - Securing GET /
2026-02-25 22:50:05.026 [http-nio-8080-exec-4] DEBUG o.s.s.w.c.HttpSessionSecurityContextRepository - Retrieved SecurityContextImpl [Authentication=UsernamePasswordAuthenticationToken [Principal=org.springframework.security.core.userdetails.User [Username=admins, Password=[PROTECTED], Enabled=true, AccountNonExpired=true, CredentialsNonExpired=true, AccountNonLocked=true, Granted Authorities=[ADMIN]], Credentials=[PROTECTED], Authenticated=true, Details=WebAuthenticationDetails [RemoteIpAddress=0:0:0:0:0:0:0:1, SessionId=72DFA0B451FFB264E08198856918887B], Granted Authorities=[ADMIN, FactorGrantedAuthority [authority=FACTOR_PASSWORD, issuedAt=2026-02-25T20:49:39.154160100Z]]]]
2026-02-25 22:50:05.027 [http-nio-8080-exec-4] DEBUG o.s.security.web.FilterChainProxy - Secured GET /
2026-02-25 22:50:05.027 [http-nio-8080-exec-4] DEBUG o.s.web.servlet.DispatcherServlet - GET "/", parameters={}
2026-02-25 22:50:05.028 [http-nio-8080-exec-4] DEBUG o.s.w.s.h.SimpleUrlHandlerMapping - Mapped to ResourceHttpRequestHandler [classpath [META-INF/resources/], classpath [resources/], classpath [static/], classpath [public/], ServletContext [/]]
2026-02-25 22:50:05.029 [http-nio-8080-exec-4] DEBUG o.s.w.s.r.ResourceHttpRequestHandler - Resource not found
2026-02-25 22:50:05.030 [http-nio-8080-exec-4] DEBUG o.s.w.s.m.s.DefaultHandlerExceptionResolver - Resolved [org.springframework.web.servlet.resource.NoResourceFoundException: No static resource  for request '/'.]
2026-02-25 22:50:05.030 [http-nio-8080-exec-4] DEBUG o.s.web.servlet.DispatcherServlet - Completed 404 NOT_FOUND
2026-02-25 22:50:05.031 [http-nio-8080-exec-4] DEBUG o.s.security.web.FilterChainProxy - Securing GET /error
2026-02-25 22:50:05.033 [http-nio-8080-exec-4] DEBUG o.s.s.w.c.HttpSessionSecurityContextRepository - Retrieved SecurityContextImpl [Authentication=UsernamePasswordAuthenticationToken [Principal=org.springframework.security.core.userdetails.User [Username=admins, Password=[PROTECTED], Enabled=true, AccountNonExpired=true, CredentialsNonExpired=true, AccountNonLocked=true, Granted Authorities=[ADMIN]], Credentials=[PROTECTED], Authenticated=true, Details=WebAuthenticationDetails [RemoteIpAddress=0:0:0:0:0:0:0:1, SessionId=72DFA0B451FFB264E08198856918887B], Granted Authorities=[ADMIN, FactorGrantedAuthority [authority=FACTOR_PASSWORD, issuedAt=2026-02-25T20:49:39.154160100Z]]]]
2026-02-25 22:50:05.035 [http-nio-8080-exec-4] DEBUG o.s.security.web.FilterChainProxy - Secured GET /error
2026-02-25 22:50:05.036 [http-nio-8080-exec-4] DEBUG o.s.web.servlet.DispatcherServlet - "ERROR" dispatch for GET "/error", parameters={}
2026-02-25 22:50:05.036 [http-nio-8080-exec-4] DEBUG o.s.w.s.m.m.a.RequestMappingHandlerMapping - Mapped to org.springframework.boot.webmvc.autoconfigure.error.BasicErrorController#errorHtml(HttpServletRequest, HttpServletResponse)
2026-02-25 22:50:05.040 [http-nio-8080-exec-4] DEBUG o.s.w.s.v.ContentNegotiatingViewResolver - Selected 'text/html' given [text/html, text/html;q=0.8]
2026-02-25 22:50:05.042 [http-nio-8080-exec-4] DEBUG o.s.web.servlet.DispatcherServlet - Exiting from "ERROR" dispatch, status 404
2026-02-25 22:51:23.631 [ThreadPoolTaskScheduler-1] INFO  l.s.service.DynamicSchedulerService - Scheduled sensor update triggered (interval: 600000ms)
2026-02-25 22:51:23.879 [ThreadPoolTaskScheduler-1] DEBUG org.hibernate.SQL - 
    insert 
    into
        climate_sensor_data
        (humidity, sensor_date_time, temperature) 
    values
        (?, ?, ?)
2026-02-25 22:51:23.888 [ThreadPoolTaskScheduler-1] INFO  l.s.s.WebSocketNotificationService - Sending sensor data update to WebSocket clients: ClimateSensorData(sensorId=7, temperature=13.2, humidity=37.54, sensorDateTime=2026-02-25T22:51:23)
2026-02-25 22:51:23.889 [ThreadPoolTaskScheduler-1] DEBUG o.s.m.s.b.SimpleBrokerMessageHandler - Processing MESSAGE destination=/topic/sensor-data session=null payload={"temperature":13.2,"humidity":37.54,"sensorDateTime":"2026-02-25T22:51:23","sen...(truncated)
2026-02-25 22:51:26.879 [MessageBroker-1] INFO  l.s.s.ScheduledSensorUpdateService - Scheduled sensor update triggered
2026-02-25 22:51:27.076 [MessageBroker-1] DEBUG org.hibernate.SQL - 
    insert 
    into
        climate_sensor_data
        (humidity, sensor_date_time, temperature) 
    values
        (?, ?, ?)
2026-02-25 22:51:27.088 [MessageBroker-1] INFO  l.s.s.WebSocketNotificationService - Sending sensor data update to WebSocket clients: ClimateSensorData(sensorId=8, temperature=24.35, humidity=24.91, sensorDateTime=2026-02-25T22:51:27)
2026-02-25 22:51:27.091 [MessageBroker-1] DEBUG o.s.m.s.b.SimpleBrokerMessageHandler - Processing MESSAGE destination=/topic/sensor-data session=null payload={"temperature":24.35,"humidity":24.91,"sensorDateTime":"2026-02-25T22:51:27","se...(truncated)
2026-02-25 22:51:27.092 [MessageBroker-1] INFO  l.s.s.ScheduledSensorUpdateService - Scheduled sensor update successful: ClimateSensorData(sensorId=8, temperature=24.35, humidity=24.91, sensorDateTime=2026-02-25T22:51:27)
2026-02-25 23:01:23.730 [ThreadPoolTaskScheduler-1] INFO  l.s.service.DynamicSchedulerService - Scheduled sensor update triggered (interval: 600000ms)
2026-02-25 23:01:23.818 [ThreadPoolTaskScheduler-1] DEBUG org.hibernate.SQL - 
    insert 
    into
        climate_sensor_data
        (humidity, sensor_date_time, temperature) 
    values
        (?, ?, ?)
2026-02-25 23:01:23.828 [ThreadPoolTaskScheduler-1] INFO  l.s.s.WebSocketNotificationService - Sending sensor data update to WebSocket clients: ClimateSensorData(sensorId=9, temperature=27.74, humidity=27.66, sensorDateTime=2026-02-25T23:01:23)
2026-02-25 23:01:23.831 [ThreadPoolTaskScheduler-1] DEBUG o.s.m.s.b.SimpleBrokerMessageHandler - Processing MESSAGE destination=/topic/sensor-data session=null payload={"temperature":27.74,"humidity":27.66,"sensorDateTime":"2026-02-25T23:01:23","se...(truncated)
2026-02-25 23:01:26.982 [MessageBroker-2] INFO  l.s.s.ScheduledSensorUpdateService - Scheduled sensor update triggered
2026-02-25 23:01:27.059 [MessageBroker-2] DEBUG org.hibernate.SQL - 
    insert 
    into
        climate_sensor_data
        (humidity, sensor_date_time, temperature) 
    values
        (?, ?, ?)
2026-02-25 23:01:27.066 [MessageBroker-2] INFO  l.s.s.WebSocketNotificationService - Sending sensor data update to WebSocket clients: ClimateSensorData(sensorId=10, temperature=38.89, humidity=6.19, sensorDateTime=2026-02-25T23:01:27)
2026-02-25 23:01:27.067 [MessageBroker-2] DEBUG o.s.m.s.b.SimpleBrokerMessageHandler - Processing MESSAGE destination=/topic/sensor-data session=null payload={"temperature":38.89,"humidity":6.19,"sensorDateTime":"2026-02-25T23:01:27","sen...(truncated)
2026-02-25 23:01:27.067 [MessageBroker-2] INFO  l.s.s.ScheduledSensorUpdateService - Scheduled sensor update successful: ClimateSensorData(sensorId=10, temperature=38.89, humidity=6.19, sensorDateTime=2026-02-25T23:01:27)
2026-02-25 23:59:24.136 [background-preinit] INFO  o.h.validator.internal.util.Version - HV000001: Hibernate Validator 9.0.1.Final
2026-02-25 23:59:24.361 [main] INFO  lofar.system.LofarSystemApplication - Starting LofarSystemApplication using Java 21.0.8 with PID 944 (C:\Users\karso\Pictures\LOFAR\LOFAR_climate_system\build\classes\java\main started by karso in C:\Users\karso\Pictures\LOFAR\LOFAR_climate_system)
2026-02-25 23:59:24.364 [main] DEBUG lofar.system.LofarSystemApplication - Running with Spring Boot v4.0.0, Spring v7.0.1
2026-02-25 23:59:24.366 [main] INFO  lofar.system.LofarSystemApplication - No active profile set, falling back to 1 default profile: "default"
2026-02-25 23:59:27.434 [main] INFO  o.s.d.r.c.RepositoryConfigurationDelegate - Bootstrapping Spring Data JPA repositories in DEFAULT mode.
2026-02-25 23:59:27.637 [main] INFO  o.s.d.r.c.RepositoryConfigurationDelegate - Finished Spring Data repository scanning in 178 ms. Found 3 JPA repository interfaces.
2026-02-25 23:59:29.543 [main] INFO  o.s.boot.tomcat.TomcatWebServer - Tomcat initialized with port 8080 (http)
2026-02-25 23:59:29.588 [main] INFO  o.a.coyote.http11.Http11NioProtocol - Initializing ProtocolHandler ["http-nio-8080"]
2026-02-25 23:59:29.593 [main] INFO  o.a.catalina.core.StandardService - Starting service [Tomcat]
2026-02-25 23:59:29.595 [main] INFO  o.a.catalina.core.StandardEngine - Starting Servlet engine: [Apache Tomcat/11.0.14]
2026-02-25 23:59:29.828 [main] INFO  o.s.b.w.c.s.WebApplicationContextInitializer - Root WebApplicationContext: initialization completed in 5267 ms
2026-02-25 23:59:30.335 [main] INFO  o.h.jpa.internal.util.LogHelper - HHH000204: Processing PersistenceUnitInfo [name: default]
2026-02-25 23:59:30.533 [main] INFO  org.hibernate.Version - HHH000412: Hibernate ORM core version 7.1.8.Final
2026-02-25 23:59:32.038 [main] INFO  o.s.o.j.p.SpringPersistenceUnitInfo - No LoadTimeWeaver setup: ignoring JPA class transformer
2026-02-25 23:59:32.160 [main] INFO  com.zaxxer.hikari.HikariDataSource - HikariPool-1 - Starting...
2026-02-25 23:59:33.131 [main] INFO  com.zaxxer.hikari.pool.HikariPool - HikariPool-1 - Added connection com.mysql.cj.jdbc.ConnectionImpl@43de9fc9
2026-02-25 23:59:33.137 [main] INFO  com.zaxxer.hikari.HikariDataSource - HikariPool-1 - Start completed.
2026-02-25 23:59:33.396 [main] INFO  o.hibernate.orm.connections.pooling - HHH10001005: Database info:
	Database JDBC URL [jdbc:mysql://localhost:3306/lofar_system]
	Database driver: MySQL Connector/J
	Database dialect: MySQLDialect
	Database version: 9.1
	Default catalog/schema: lofar_system/undefined
	Autocommit mode: undefined/unknown
	Isolation level: REPEATABLE_READ [default REPEATABLE_READ]
	JDBC fetch size: none
	Pool: DatasourceConnectionProviderImpl
	Minimum pool size: undefined/unknown
	Maximum pool size: undefined/unknown
2026-02-25 23:59:36.042 [main] INFO  o.h.e.t.j.p.i.JtaPlatformInitiator - HHH000489: No JTA platform available (set 'hibernate.transaction.jta.platform' to enable JTA platform integration)
2026-02-25 23:59:36.120 [main] DEBUG org.hibernate.SQL - 
    alter table my_user_table 
       drop 
       foreign key FK58h9msgyys6ktyo7p6583trpg
2026-02-25 23:59:36.290 [main] DEBUG org.hibernate.SQL - 
    drop table if exists climate_sensor_data
2026-02-25 23:59:36.340 [main] DEBUG org.hibernate.SQL - 
    drop table if exists my_authority_table_seq
2026-02-25 23:59:36.381 [main] DEBUG org.hibernate.SQL - 
    drop table if exists my_user_table_seq
2026-02-25 23:59:36.424 [main] DEBUG org.hibernate.SQL - 
    drop table if exists my_authority_table
2026-02-25 23:59:36.460 [main] DEBUG org.hibernate.SQL - 
    drop table if exists my_user_table
2026-02-25 23:59:36.536 [main] DEBUG org.hibernate.SQL - 
    create table climate_sensor_data (
        humidity float(53) not null,
        temperature float(53) not null,
        sensor_date_time datetime(6),
        sensor_id bigint not null auto_increment,
        primary key (sensor_id)
    ) engine=InnoDB
2026-02-25 23:59:36.591 [main] DEBUG org.hibernate.SQL - 
    create table my_authority_table_seq (
        next_val bigint
    ) engine=InnoDB
2026-02-25 23:59:36.638 [main] DEBUG org.hibernate.SQL - 
    insert into my_authority_table_seq ( next_val ) values ( 1 )
2026-02-25 23:59:36.648 [main] DEBUG org.hibernate.SQL - 
    create table my_user_table_seq (
        next_val bigint
    ) engine=InnoDB
2026-02-25 23:59:36.682 [main] DEBUG org.hibernate.SQL - 
    insert into my_user_table_seq ( next_val ) values ( 1 )
2026-02-25 23:59:36.692 [main] DEBUG org.hibernate.SQL - 
    create table my_authority_table (
        aid bigint not null,
        title varchar(255) not null,
        primary key (aid)
    ) engine=InnoDB
2026-02-25 23:59:36.733 [main] DEBUG org.hibernate.SQL - 
    create table my_user_table (
        aid bigint,
        uid bigint not null,
        username varchar(20) not null,
        password varchar(255) not null,
        primary key (uid)
    ) engine=InnoDB
2026-02-25 23:59:36.769 [main] DEBUG org.hibernate.SQL - 
    alter table my_user_table 
       add constraint FK58h9msgyys6ktyo7p6583trpg 
       foreign key (aid) 
       references my_authority_table (aid)
2026-02-25 23:59:36.948 [main] INFO  o.s.o.j.LocalContainerEntityManagerFactoryBean - Initialized JPA EntityManagerFactory for persistence unit 'default'
2026-02-25 23:59:37.230 [main] INFO  o.s.d.j.r.q.QueryEnhancerFactories - Hibernate is in classpath; If applicable, HQL parser will be used.
2026-02-25 23:59:37.988 [ThreadPoolTaskScheduler-1] INFO  l.s.service.DynamicSchedulerService - Scheduled sensor update triggered (interval: 600000ms)
2026-02-25 23:59:38.230 [main] WARN  o.s.b.j.a.JpaBaseConfiguration$JpaWebConfiguration - spring.jpa.open-in-view is enabled by default. Therefore, database queries may be performed during view rendering. Explicitly configure spring.jpa.open-in-view to disable this warning
2026-02-25 23:59:38.358 [ThreadPoolTaskScheduler-1] INFO  o.s.b.f.s.DefaultListableBeanFactory - Obtaining singleton bean 'transactionManager' in thread "ThreadPoolTaskScheduler-1" while other thread holds singleton lock for other beans [passwordEncoder, authenticationProvider, org.springframework.security.config.annotation.web.configuration.WebSecurityConfiguration, filterChain]
2026-02-25 23:59:38.372 [ThreadPoolTaskScheduler-1] INFO  o.s.b.f.s.DefaultListableBeanFactory - Obtaining singleton bean 'platformTransactionManagerCustomizers' in thread "ThreadPoolTaskScheduler-1" while other thread holds singleton lock for other beans [passwordEncoder, authenticationProvider, org.springframework.security.config.annotation.web.configuration.WebSecurityConfiguration, filterChain]
2026-02-25 23:59:38.378 [ThreadPoolTaskScheduler-1] INFO  o.s.b.f.s.DefaultListableBeanFactory - Obtaining singleton bean 'org.springframework.boot.transaction.autoconfigure.TransactionManagerCustomizationAutoConfiguration' in thread "ThreadPoolTaskScheduler-1" while other thread holds singleton lock for other beans [passwordEncoder, authenticationProvider, org.springframework.security.config.annotation.web.configuration.WebSecurityConfiguration, filterChain]
2026-02-25 23:59:38.383 [ThreadPoolTaskScheduler-1] INFO  o.s.b.f.s.DefaultListableBeanFactory - Obtaining singleton bean 'transactionExecutionListeners' in thread "ThreadPoolTaskScheduler-1" while other thread holds singleton lock for other beans [authenticationProvider, org.springframework.security.config.annotation.web.configuration.WebSecurityConfiguration, filterChain]
2026-02-25 23:59:38.389 [ThreadPoolTaskScheduler-1] INFO  o.s.b.f.s.DefaultListableBeanFactory - Obtaining singleton bean 'spring.transaction-org.springframework.boot.transaction.autoconfigure.TransactionProperties' in thread "ThreadPoolTaskScheduler-1" while other thread holds singleton lock for other beans [authenticationProvider, org.springframework.security.config.annotation.web.configuration.WebSecurityConfiguration, filterChain]
2026-02-25 23:59:38.390 [main] INFO  o.s.s.c.a.a.c.InitializeAuthenticationProviderBeanManagerConfigurer$InitializeAuthenticationProviderManagerConfigurer - Global AuthenticationManager configured with AuthenticationProvider bean with name authenticationProvider
2026-02-25 23:59:38.391 [main] WARN  o.s.s.c.a.a.c.InitializeUserDetailsBeanManagerConfigurer$InitializeUserDetailsManagerConfigurer - Global AuthenticationManager configured with an AuthenticationProvider bean. UserDetailsService beans will not be used by Spring Security for automatically configuring username/password login. Consider removing the AuthenticationProvider bean. Alternatively, consider using the UserDetailsService in a manually instantiated DaoAuthenticationProvider. If the current configuration is intentional, to turn off this warning, increase the logging level of 'org.springframework.security.config.annotation.authentication.configuration.InitializeUserDetailsBeanManagerConfigurer' to ERROR
2026-02-25 23:59:38.490 [ThreadPoolTaskScheduler-1] DEBUG org.hibernate.SQL - 
    insert 
    into
        climate_sensor_data
        (humidity, sensor_date_time, temperature) 
    values
        (?, ?, ?)
2026-02-25 23:59:38.616 [ThreadPoolTaskScheduler-1] INFO  l.s.s.WebSocketNotificationService - Sending sensor data update to WebSocket clients: ClimateSensorData(sensorId=1, temperature=3.31, humidity=30.37, sensorDateTime=2026-02-25T23:59:38)
2026-02-25 23:59:38.927 [main] DEBUG o.s.s.web.DefaultSecurityFilterChain - Will secure any request with filters: DisableEncodeUrlFilter, WebAsyncManagerIntegrationFilter, SecurityContextHolderFilter, HeaderWriterFilter, CsrfFilter, LogoutFilter, UsernamePasswordAuthenticationFilter, ConcurrentSessionFilter, RequestCacheAwareFilter, SecurityContextHolderAwareRequestFilter, AnonymousAuthenticationFilter, SessionManagementFilter, ExceptionTranslationFilter, AuthorizationFilter
2026-02-25 23:59:39.064 [main] DEBUG o.s.w.s.s.s.WebSocketHandlerMapping - Patterns [/ws-sensor/**] in 'stompWebSocketHandlerMapping'
2026-02-25 23:59:39.184 [main] DEBUG o.s.w.s.m.WebSocketAnnotationMethodMessageHandler - 
	l.s.c.AdminController:
	
2026-02-25 23:59:39.184 [main] DEBUG o.s.w.s.m.WebSocketAnnotationMethodMessageHandler - 
	l.s.c.ClimateSensorDataController:
	
2026-02-25 23:59:39.184 [main] DEBUG o.s.w.s.m.WebSocketAnnotationMethodMessageHandler - 
	l.s.c.SensorUpdateController:
	
2026-02-25 23:59:39.204 [main] DEBUG o.s.w.s.m.WebSocketAnnotationMethodMessageHandler - 
	l.s.c.WebSocketSensorController:
	{[MESSAGE],[/sensor/request]}: requestLatestData()
	{[MESSAGE],[/sensor/history]}: requestHistoricalData()
2026-02-25 23:59:39.204 [main] DEBUG o.s.w.s.m.WebSocketAnnotationMethodMessageHandler - 
	l.s.c.WebSocketStatusController:
	
2026-02-25 23:59:39.216 [main] DEBUG o.s.w.s.m.WebSocketAnnotationMethodMessageHandler - 
	o.s.b.w.a.e.BasicErrorController:
	
2026-02-25 23:59:39.486 [main] DEBUG o.s.w.s.m.m.a.RequestMappingHandlerMapping - 16 mappings in 'requestMappingHandlerMapping'
2026-02-25 23:59:39.565 [main] DEBUG o.s.w.s.h.SimpleUrlHandlerMapping - Patterns [/webjars/**, /**] in 'resourceHandlerMapping'
2026-02-25 23:59:39.656 [main] DEBUG o.s.w.s.m.m.a.RequestMappingHandlerAdapter - ControllerAdvice beans: 0 @ModelAttribute, 0 @InitBinder, 1 RequestBodyAdvice, 1 ResponseBodyAdvice
2026-02-25 23:59:39.789 [main] DEBUG o.s.w.s.m.m.a.ExceptionHandlerExceptionResolver - ControllerAdvice beans: 0 @ExceptionHandler, 1 ResponseBodyAdvice
2026-02-25 23:59:40.044 [main] DEBUG o.s.m.s.ExecutorSubscribableChannel - clientOutboundChannel added SubProtocolWebSocketHandler[StompSubProtocolHandler[v10.stomp, v11.stomp, v12.stomp]]
2026-02-25 23:59:40.044 [main] DEBUG o.s.m.s.ExecutorSubscribableChannel - clientInboundChannel added WebSocketAnnotationMethodMessageHandler[prefixes=[/app/]]
2026-02-25 23:59:40.053 [main] INFO  o.s.m.s.b.SimpleBrokerMessageHandler - Starting...
2026-02-25 23:59:40.054 [main] DEBUG o.s.m.s.ExecutorSubscribableChannel - clientInboundChannel added SimpleBrokerMessageHandler [org.springframework.messaging.simp.broker.DefaultSubscriptionRegistry@5536542e]
2026-02-25 23:59:40.055 [main] DEBUG o.s.m.s.ExecutorSubscribableChannel - brokerChannel added SimpleBrokerMessageHandler [org.springframework.messaging.simp.broker.DefaultSubscriptionRegistry@5536542e]
2026-02-25 23:59:40.056 [main] INFO  o.s.m.s.b.SimpleBrokerMessageHandler - BrokerAvailabilityEvent[available=true, SimpleBrokerMessageHandler [org.springframework.messaging.simp.broker.DefaultSubscriptionRegistry@5536542e]]
2026-02-25 23:59:40.056 [main] INFO  o.s.m.s.b.SimpleBrokerMessageHandler - Started.
2026-02-25 23:59:40.056 [main] DEBUG o.s.m.s.ExecutorSubscribableChannel - clientInboundChannel added UserDestinationMessageHandler[DefaultUserDestinationResolver[prefix=/user/]]
2026-02-25 23:59:40.056 [main] DEBUG o.s.m.s.ExecutorSubscribableChannel - brokerChannel added UserDestinationMessageHandler[DefaultUserDestinationResolver[prefix=/user/]]
2026-02-25 23:59:40.061 [main] INFO  o.a.coyote.http11.Http11NioProtocol - Starting ProtocolHandler ["http-nio-8080"]
2026-02-25 23:59:40.106 [main] INFO  o.s.boot.tomcat.TomcatWebServer - Tomcat started on port 8080 (http) with context path '/'
2026-02-25 23:59:40.124 [main] INFO  lofar.system.LofarSystemApplication - Started LofarSystemApplication in 18.625 seconds (process running for 20.696)
2026-02-25 23:59:40.135 [MessageBroker-1] INFO  l.s.s.ScheduledSensorUpdateService - Scheduled sensor update triggered
2026-02-25 23:59:40.147 [main] DEBUG org.hibernate.SQL - 
    insert 
    into
        climate_sensor_data
        (humidity, sensor_date_time, temperature) 
    values
        (?, ?, ?)
2026-02-25 23:59:40.166 [main] DEBUG org.hibernate.SQL - 
    insert 
    into
        climate_sensor_data
        (humidity, sensor_date_time, temperature) 
    values
        (?, ?, ?)
2026-02-25 23:59:40.182 [main] DEBUG org.hibernate.SQL - 
    insert 
    into
        climate_sensor_data
        (humidity, sensor_date_time, temperature) 
    values
        (?, ?, ?)
2026-02-25 23:59:40.190 [main] DEBUG org.hibernate.SQL - 
    insert 
    into
        climate_sensor_data
        (humidity, sensor_date_time, temperature) 
    values
        (?, ?, ?)
2026-02-25 23:59:40.218 [main] DEBUG org.hibernate.SQL - 
    select
        next_val as id_val 
    from
        my_authority_table_seq 
    for
        update
2026-02-25 23:59:40.226 [main] DEBUG org.hibernate.SQL - 
    update
        my_authority_table_seq 
    set
        next_val= ? 
    where
        next_val=?
2026-02-25 23:59:40.292 [main] DEBUG org.hibernate.SQL - 
    insert 
    into
        my_authority_table
        (title, aid) 
    values
        (?, ?)
2026-02-25 23:59:40.304 [main] DEBUG org.hibernate.SQL - 
    select
        next_val as id_val 
    from
        my_authority_table_seq 
    for
        update
2026-02-25 23:59:40.306 [main] DEBUG org.hibernate.SQL - 
    update
        my_authority_table_seq 
    set
        next_val= ? 
    where
        next_val=?
2026-02-25 23:59:40.313 [main] DEBUG org.hibernate.SQL - 
    insert 
    into
        my_authority_table
        (title, aid) 
    values
        (?, ?)
2026-02-25 23:59:40.358 [MessageBroker-1] DEBUG org.hibernate.SQL - 
    insert 
    into
        climate_sensor_data
        (humidity, sensor_date_time, temperature) 
    values
        (?, ?, ?)
2026-02-25 23:59:40.367 [MessageBroker-1] INFO  l.s.s.WebSocketNotificationService - Sending sensor data update to WebSocket clients: ClimateSensorData(sensorId=6, temperature=5.84, humidity=64.6, sensorDateTime=2026-02-25T23:59:40)
2026-02-25 23:59:40.373 [MessageBroker-1] DEBUG o.s.m.s.b.SimpleBrokerMessageHandler - Processing MESSAGE destination=/topic/sensor-data session=null payload={"temperature":5.84,"humidity":64.6,"sensorDateTime":"2026-02-25T23:59:40","sens...(truncated)
2026-02-25 23:59:40.380 [MessageBroker-1] INFO  l.s.s.ScheduledSensorUpdateService - Scheduled sensor update successful: ClimateSensorData(sensorId=6, temperature=5.84, humidity=64.6, sensorDateTime=2026-02-25T23:59:40)
2026-02-25 23:59:40.512 [main] DEBUG org.hibernate.SQL - 
    select
        next_val as id_val 
    from
        my_user_table_seq 
    for
        update
2026-02-25 23:59:40.515 [main] DEBUG org.hibernate.SQL - 
    update
        my_user_table_seq 
    set
        next_val= ? 
    where
        next_val=?
2026-02-25 23:59:40.520 [main] DEBUG org.hibernate.SQL - 
    insert 
    into
        my_user_table
        (aid, password, username, uid) 
    values
        (?, ?, ?, ?)
2026-02-25 23:59:40.664 [main] DEBUG org.hibernate.SQL - 
    select
        next_val as id_val 
    from
        my_user_table_seq 
    for
        update
2026-02-25 23:59:40.665 [main] DEBUG org.hibernate.SQL - 
    update
        my_user_table_seq 
    set
        next_val= ? 
    where
        next_val=?
2026-02-25 23:59:40.665 [main] DEBUG org.hibernate.SQL - 
    insert 
    into
        my_user_table
        (aid, password, username, uid) 
    values
        (?, ?, ?, ?)
